Component: ARM Compiler 6.14 Tool: armlink [5db06800]

==============================================================================

Section Cross References

    main.o(.text) refers (Special) to config_moteur.o(.text) for MOTEUR_DROIT_INVERSE
    main.o(.text) refers to fonctions.o(.text) for PARTIE2
    fonctions.o(.text) refers (Special) to config_moteur.o(.text) for MOTEUR_DROIT_INVERSE
    fonctions.o(.text) refers (Special) to main.o(.text) for WAIT_DCROCHE
    startup_armcm3.o(RESET) refers to startup_armcm3.o(STACK) for __initial_sp
    startup_armcm3.o(RESET) refers to startup_armcm3.o(.text) for Reset_Handler
    startup_armcm3.o(.text) refers to system_armcm3.o(.text.SystemInit) for SystemInit
    startup_armcm3.o(.text) refers to main.o(.text) for __main
    system_armcm3.o(.text.SystemCoreClockUpdate) refers to system_armcm3.o(.data.SystemCoreClock) for SystemCoreClock
    system_armcm3.o(.ARM.exidx.text.SystemCoreClockUpdate) refers to system_armcm3.o(.text.SystemCoreClockUpdate) for [Anonymous Symbol]
    system_armcm3.o(.text.SystemInit) refers to startup_armcm3.o(RESET) for __Vectors
    system_armcm3.o(.text.SystemInit) refers to system_armcm3.o(.data.SystemCoreClock) for SystemCoreClock
    system_armcm3.o(.ARM.exidx.text.SystemInit) refers to system_armcm3.o(.text.SystemInit) for [Anonymous Symbol]


==============================================================================

Removing Unused input sections from the image.

    Removing startup_armcm3.o(HEAP), (3072 bytes).
    Removing system_armcm3.o(.text), (0 bytes).
    Removing system_armcm3.o(.text.SystemCoreClockUpdate), (20 bytes).
    Removing system_armcm3.o(.ARM.exidx.text.SystemCoreClockUpdate), (8 bytes).
    Removing system_armcm3.o(.ARM.exidx.text.SystemInit), (8 bytes).

5 unused section(s) (total 3108 bytes) removed from the image.

==============================================================================

Image Symbol Table

    Local Symbols

    Symbol Name                              Value     Ov Type        Size  Object(Section)

    RTE/Device/ARMCM3/startup_ARMCM3.s       0x00000000   Number         0  startup_armcm3.o ABSOLUTE
    config_moteur.s                          0x00000000   Number         0  config_moteur.o ABSOLUTE
    fonctions.s                              0x00000000   Number         0  fonctions.o ABSOLUTE
    main.s                                   0x00000000   Number         0  main.o ABSOLUTE
    system_ARMCM3.c                          0x00000000   Number         0  system_armcm3.o ABSOLUTE
    RESET                                    0x00000000   Section      960  startup_armcm3.o(RESET)
    .text                                    0x000003c0   Section     1016  config_moteur.o(.text)
    .text                                    0x000007b8   Section     1068  main.o(.text)
    .text                                    0x00000be4   Section      396  fonctions.o(.text)
    .text                                    0x00000d70   Section       56  startup_armcm3.o(.text)
    [Anonymous Symbol]                       0x00000da8   Section        0  system_armcm3.o(.text.SystemInit)
    STACK                                    0x20000008   Section     1024  startup_armcm3.o(STACK)

    Global Symbols

    Symbol Name                              Value     Ov Type        Size  Object(Section)

    BuildAttributes$$THM_ISAv4$P$D$K$B$S$PE$A:L22UL41UL21$X:L11$S22US41US21$IEEE1$IW$~IW$USESV6$~STKCKD$USESV7$~SHL$OTIME$EBA8$MICROLIB$REQ8$EABIv2 0x00000000   Number         0  anon$$obj.o ABSOLUTE
    __Vectors                                0x00000000   Data           4  startup_armcm3.o(RESET)
    MOTEUR_INIT_RAPIDE                       0x000003c1   Thumb Code     0  config_moteur.o(.text)
    __Vectors_End                            0x000003c0   Data           0  startup_armcm3.o(RESET)
    __Vectors_Size                           0x000003c0   Number         0  startup_armcm3.o ABSOLUTE
    MOTEUR_INIT_DROITE                       0x000004c5   Thumb Code     0  config_moteur.o(.text)
    MOTEUR_INIT_GAUCHE                       0x000005c9   Thumb Code     0  config_moteur.o(.text)
    MOTEUR_DROIT_ON                          0x000006cd   Thumb Code     0  config_moteur.o(.text)
    MOTEUR_DROIT_OFF                         0x000006d9   Thumb Code     0  config_moteur.o(.text)
    MOTEUR_GAUCHE_ON                         0x000006e7   Thumb Code     0  config_moteur.o(.text)
    MOTEUR_GAUCHE_OFF                        0x000006f3   Thumb Code     0  config_moteur.o(.text)
    MOTEUR_DROIT_ARRIERE                     0x00000701   Thumb Code     0  config_moteur.o(.text)
    MOTEUR_DROIT_AVANT                       0x0000070d   Thumb Code     0  config_moteur.o(.text)
    MOTEUR_GAUCHE_ARRIERE                    0x00000719   Thumb Code     0  config_moteur.o(.text)
    MOTEUR_GAUCHE_AVANT                      0x00000725   Thumb Code     0  config_moteur.o(.text)
    MOTEUR_DROIT_INVERSE                     0x00000731   Thumb Code     0  config_moteur.o(.text)
    MOTEUR_GAUCHE_INVERSE                    0x0000073d   Thumb Code     0  config_moteur.o(.text)
    __main                                   0x000007b9   Thumb Code     0  main.o(.text)
    FIN                                      0x00000b43   Thumb Code     0  main.o(.text)
    WAIT_MESURE                              0x00000b51   Thumb Code     2  main.o(.text)
    WAIT_BLANCHE                             0x00000b59   Thumb Code     2  main.o(.text)
    WAIT_NOIRE                               0x00000b61   Thumb Code     2  main.o(.text)
    WAIT_CROCHE                              0x00000b69   Thumb Code     2  main.o(.text)
    WAIT_DCROCHE                             0x00000b71   Thumb Code     2  main.o(.text)
    WAIT_TCROCHE                             0x00000b79   Thumb Code     2  main.o(.text)
    WAIT_TRIOLET                             0x00000b81   Thumb Code     2  main.o(.text)
    PARTIE2                                  0x00000be5   Thumb Code     4  fonctions.o(.text)
    Reset_Handler                            0x00000d71   Thumb Code     8  startup_armcm3.o(.text)
    HardFault_Handler                        0x00000d79   Thumb Code     2  startup_armcm3.o(.text)
    NMI_Handler                              0x00000d7b   Thumb Code     2  startup_armcm3.o(.text)
    MemManage_Handler                        0x00000d7d   Thumb Code     2  startup_armcm3.o(.text)
    BusFault_Handler                         0x00000d7f   Thumb Code     2  startup_armcm3.o(.text)
    UsageFault_Handler                       0x00000d81   Thumb Code     2  startup_armcm3.o(.text)
    SVC_Handler                              0x00000d83   Thumb Code     2  startup_armcm3.o(.text)
    DebugMon_Handler                         0x00000d85   Thumb Code     2  startup_armcm3.o(.text)
    PendSV_Handler                           0x00000d87   Thumb Code     2  startup_armcm3.o(.text)
    SysTick_Handler                          0x00000d89   Thumb Code     2  startup_armcm3.o(.text)
    Interrupt0_Handler                       0x00000d8b   Thumb Code     2  startup_armcm3.o(.text)
    Interrupt1_Handler                       0x00000d8d   Thumb Code     2  startup_armcm3.o(.text)
    Interrupt2_Handler                       0x00000d8f   Thumb Code     2  startup_armcm3.o(.text)
    Interrupt3_Handler                       0x00000d91   Thumb Code     2  startup_armcm3.o(.text)
    Interrupt4_Handler                       0x00000d93   Thumb Code     2  startup_armcm3.o(.text)
    Interrupt5_Handler                       0x00000d95   Thumb Code     2  startup_armcm3.o(.text)
    Interrupt6_Handler                       0x00000d97   Thumb Code     2  startup_armcm3.o(.text)
    Interrupt7_Handler                       0x00000d99   Thumb Code     2  startup_armcm3.o(.text)
    Interrupt8_Handler                       0x00000d9b   Thumb Code     2  startup_armcm3.o(.text)
    Interrupt9_Handler                       0x00000d9d   Thumb Code     2  startup_armcm3.o(.text)
    SystemInit                               0x00000da9   Thumb Code    38  system_armcm3.o(.text.SystemInit)
    SystemCoreClock                          0x20000000   Data           4  system_armcm3.o(.data.SystemCoreClock)
    __stack_limit                            0x20000008   Data           0  startup_armcm3.o(STACK)
    __initial_sp                             0x20000408   Data           0  startup_armcm3.o(STACK)



==============================================================================

Memory Map of the image

  Image Entry point : 0x00000d71

  Load Region LR_1 (Base: 0x00000000, Size: 0x00000dd4, Max: 0xffffffff, ABSOLUTE)

    Execution Region ER_RO (Exec base: 0x00000000, Load base: 0x00000000, Size: 0x00000dd0, Max: 0xffffffff, ABSOLUTE)

    Exec Addr    Load Addr    Size         Type   Attr      Idx    E Section Name        Object

    0x00000000   0x00000000   0x000003c0   Data   RO           14    RESET               startup_armcm3.o
    0x000003c0   0x000003c0   0x000003f8   Code   RO            1  * .text               config_moteur.o
    0x000007b8   0x000007b8   0x0000042c   Code   RO            6  * .text               main.o
    0x00000be4   0x00000be4   0x0000018c   Code   RO            9  * .text               fonctions.o
    0x00000d70   0x00000d70   0x00000038   Code   RO           15  * .text               startup_armcm3.o
    0x00000da8   0x00000da8   0x00000026   Code   RO           22    .text.SystemInit    system_armcm3.o


    Execution Region ER_RW (Exec base: 0x20000000, Load base: 0x00000dd0, Size: 0x00000004, Max: 0xffffffff, ABSOLUTE)

    Exec Addr    Load Addr    Size         Type   Attr      Idx    E Section Name        Object

    0x20000000   0x00000dd0   0x00000004   Data   RW           24    .data.SystemCoreClock  system_armcm3.o


    Execution Region ER_ZI (Exec base: 0x20000008, Load base: 0x00000dd4, Size: 0x00000400, Max: 0xffffffff, ABSOLUTE)

    Exec Addr    Load Addr    Size         Type   Attr      Idx    E Section Name        Object

    0x20000008        -       0x00000400   Zero   RW           12    STACK               startup_armcm3.o


==============================================================================

Image component sizes


      Code (inc. data)   RO Data    RW Data    ZI Data      Debug   Object Name

      1016        112          0          0          0        616   config_moteur.o
       396          0          0          0          0        308   fonctions.o
      1068         92          0          0          0        492   main.o
        56         10        960          0       1024       1160   startup_armcm3.o
        38          0          0          4          0       1381   system_armcm3.o

    ----------------------------------------------------------------------
      2576        214        960          4       1024       3957   Object Totals
         0          0          0          0          0          0   (incl. Generated)
         2          0          0          0          0          0   (incl. Padding)

    ----------------------------------------------------------------------
         0          0          0          0          0          0   Library Totals
         0          0          0          0          0          0   (incl. Padding)

    ----------------------------------------------------------------------

==============================================================================


      Code (inc. data)   RO Data    RW Data    ZI Data      Debug   

      2576        214        960          4       1024       3957   Grand Totals
      2576        214        960          4       1024       3957   ELF Image Totals
      2576        214        960          4          0          0   ROM Totals

==============================================================================

    Total RO  Size (Code + RO Data)                 3536 (   3.45kB)
    Total RW  Size (RW Data + ZI Data)              1028 (   1.00kB)
    Total ROM Size (Code + RO Data + RW Data)       3540 (   3.46kB)

==============================================================================

